// Jest Snapshot v1, https://goo.gl/fbAQLP

exports[`<ArticleTitle /> Should render and match the snapshot 1`] = `
<div
  class="StyledWrapper__Wrapper-sc-111jh54-0 jeerqJ"
>
  <a
    href="./"
  >
    <h1
      class="StyledWrapper__StyledTitle-sc-111jh54-1 gYdKdB"
    >
      Face Filters for Instagram and Snapshot Are the New Frontier of Surrealist Art
       
    </h1>
  </a>
  <a
    href="./"
  >
    <div
      class="StyledWrapper__StyledSubtitle-sc-111jh54-2 bomnVF"
    >
      And one last warning about their stupidly popular little brother
    </div>
  </a>
</div>
`;
